#-----------------------------------------------------------
# Vivado v2018.3 (64-bit)
# SW Build 2405991 on Thu Dec  6 23:36:41 MST 2018
# IP Build 2404404 on Fri Dec  7 01:43:56 MST 2018
# Start of session at: Wed Feb  5 19:51:39 2020
# Process ID: 142939
# Current directory: /home/alkozyre/cernbox/Alexey_BTL/scripts/example
# Command line: vivado
# Log file: /home/alkozyre/cernbox/Alexey_BTL/scripts/example/vivado.log
# Journal file: /home/alkozyre/cernbox/Alexey_BTL/scripts/example/vivado.jou
#-----------------------------------------------------------
start_gui
open_project /home/alkozyre/cernbox/Alexey_BTL/lpgbt-fpga-kcu105_Ver_14/lpgbt-fpga-kcu105_Ver_14.xpr
update_compile_order -fileset sources_1
close_project
open_project /home/alkozyre/cernbox/Alexey_BTL/lpgbt-fpga-kcu105_Ver_13/lpgbt-fpga-kcu105_Ver_13.xpr
update_compile_order -fileset sources_1
reset_run impl_1
launch_runs impl_1 -jobs 18
wait_on_run impl_1
launch_runs impl_1 -to_step write_bitstream -jobs 18
wait_on_run impl_1
open_hw
connect_hw_server
open_hw_target
set_property PROGRAM.FILE {/home/alkozyre/cernbox/Alexey_BTL/lpgbt-fpga-kcu105_Ver_13/lpgbt-fpga-kcu105_Ver_13.runs/impl_1/lpgbtfpga_kcu105_10g24_top.bit} [get_hw_devices xcku040_0]
set_property PROBES.FILE {/home/alkozyre/cernbox/Alexey_BTL/lpgbt-fpga-kcu105_Ver_13/lpgbt-fpga-kcu105_Ver_13.runs/impl_1/lpgbtfpga_kcu105_10g24_top.ltx} [get_hw_devices xcku040_0]
set_property FULL_PROBES.FILE {/home/alkozyre/cernbox/Alexey_BTL/lpgbt-fpga-kcu105_Ver_13/lpgbt-fpga-kcu105_Ver_13.runs/impl_1/lpgbtfpga_kcu105_10g24_top.ltx} [get_hw_devices xcku040_0]
current_hw_device [get_hw_devices xcku040_0]
refresh_hw_device [lindex [get_hw_devices xcku040_0] 0]
set_property PROBES.FILE {/home/alkozyre/cernbox/Alexey_BTL/lpgbt-fpga-kcu105_Ver_13/lpgbt-fpga-kcu105_Ver_13.runs/impl_1/lpgbtfpga_kcu105_10g24_top.ltx} [get_hw_devices xcku040_0]
set_property FULL_PROBES.FILE {/home/alkozyre/cernbox/Alexey_BTL/lpgbt-fpga-kcu105_Ver_13/lpgbt-fpga-kcu105_Ver_13.runs/impl_1/lpgbtfpga_kcu105_10g24_top.ltx} [get_hw_devices xcku040_0]
set_property PROGRAM.FILE {/home/alkozyre/cernbox/Alexey_BTL/lpgbt-fpga-kcu105_Ver_13/lpgbt-fpga-kcu105_Ver_13.runs/impl_1/lpgbtfpga_kcu105_10g24_top.bit} [get_hw_devices xcku040_0]
program_hw_devices [get_hw_devices xcku040_0]
refresh_hw_device [lindex [get_hw_devices xcku040_0] 0]
set_property PROBES.FILE {/home/alkozyre/cernbox/Alexey_BTL/lpgbt-fpga-kcu105_Ver_13/lpgbt-fpga-kcu105_Ver_13.runs/impl_1/lpgbtfpga_kcu105_10g24_top.ltx} [get_hw_devices xcku040_0]
set_property FULL_PROBES.FILE {/home/alkozyre/cernbox/Alexey_BTL/lpgbt-fpga-kcu105_Ver_13/lpgbt-fpga-kcu105_Ver_13.runs/impl_1/lpgbtfpga_kcu105_10g24_top.ltx} [get_hw_devices xcku040_0]
set_property PROGRAM.FILE {/home/alkozyre/cernbox/Alexey_BTL/lpgbt-fpga-kcu105_Ver_13/lpgbt-fpga-kcu105_Ver_13.runs/impl_1/lpgbtfpga_kcu105_10g24_top.bit} [get_hw_devices xcku040_0]
program_hw_devices [get_hw_devices xcku040_0]
refresh_hw_device [lindex [get_hw_devices xcku040_0] 0]
set_property OUTPUT_VALUE 1 [get_hw_probes uplinkRst_i -of_objects [get_hw_vios -of_objects [get_hw_devices xcku040_0] -filter {CELL_NAME=~"vio_debug_inst"}]]
commit_hw_vio [get_hw_probes {uplinkRst_i} -of_objects [get_hw_vios -of_objects [get_hw_devices xcku040_0] -filter {CELL_NAME=~"vio_debug_inst"}]]
set_property OUTPUT_VALUE 0 [get_hw_probes uplinkRst_i -of_objects [get_hw_vios -of_objects [get_hw_devices xcku040_0] -filter {CELL_NAME=~"vio_debug_inst"}]]
commit_hw_vio [get_hw_probes {uplinkRst_i} -of_objects [get_hw_vios -of_objects [get_hw_devices xcku040_0] -filter {CELL_NAME=~"vio_debug_inst"}]]
set_property PROBES.FILE {/home/alkozyre/cernbox/Alexey_BTL/lpgbt-fpga-kcu105_Ver_13/lpgbt-fpga-kcu105_Ver_13.runs/impl_1/lpgbtfpga_kcu105_10g24_top.ltx} [get_hw_devices xcku040_0]
set_property FULL_PROBES.FILE {/home/alkozyre/cernbox/Alexey_BTL/lpgbt-fpga-kcu105_Ver_13/lpgbt-fpga-kcu105_Ver_13.runs/impl_1/lpgbtfpga_kcu105_10g24_top.ltx} [get_hw_devices xcku040_0]
set_property PROGRAM.FILE {/home/alkozyre/cernbox/Alexey_BTL/lpgbt-fpga-kcu105_Ver_13/lpgbt-fpga-kcu105_Ver_13.runs/impl_1/lpgbtfpga_kcu105_10g24_top.bit} [get_hw_devices xcku040_0]
program_hw_devices [get_hw_devices xcku040_0]
refresh_hw_device [lindex [get_hw_devices xcku040_0] 0]
set_property OUTPUT_VALUE 1 [get_hw_probes uplinkRst_i -of_objects [get_hw_vios -of_objects [get_hw_devices xcku040_0] -filter {CELL_NAME=~"vio_debug_inst"}]]
commit_hw_vio [get_hw_probes {uplinkRst_i} -of_objects [get_hw_vios -of_objects [get_hw_devices xcku040_0] -filter {CELL_NAME=~"vio_debug_inst"}]]
set_property OUTPUT_VALUE 0 [get_hw_probes uplinkRst_i -of_objects [get_hw_vios -of_objects [get_hw_devices xcku040_0] -filter {CELL_NAME=~"vio_debug_inst"}]]
commit_hw_vio [get_hw_probes {uplinkRst_i} -of_objects [get_hw_vios -of_objects [get_hw_devices xcku040_0] -filter {CELL_NAME=~"vio_debug_inst"}]]
close_hw
reset_run synth_1
launch_runs impl_1 -jobs 18
wait_on_run impl_1
launch_runs impl_1 -to_step write_bitstream -jobs 18
wait_on_run impl_1
open_hw
connect_hw_server
open_hw_target
set_property PROGRAM.FILE {/home/alkozyre/cernbox/Alexey_BTL/lpgbt-fpga-kcu105_Ver_13/lpgbt-fpga-kcu105_Ver_13.runs/impl_1/lpgbtfpga_kcu105_10g24_top.bit} [get_hw_devices xcku040_0]
set_property PROBES.FILE {/home/alkozyre/cernbox/Alexey_BTL/lpgbt-fpga-kcu105_Ver_13/lpgbt-fpga-kcu105_Ver_13.runs/impl_1/lpgbtfpga_kcu105_10g24_top.ltx} [get_hw_devices xcku040_0]
set_property FULL_PROBES.FILE {/home/alkozyre/cernbox/Alexey_BTL/lpgbt-fpga-kcu105_Ver_13/lpgbt-fpga-kcu105_Ver_13.runs/impl_1/lpgbtfpga_kcu105_10g24_top.ltx} [get_hw_devices xcku040_0]
current_hw_device [get_hw_devices xcku040_0]
refresh_hw_device [lindex [get_hw_devices xcku040_0] 0]
set_property PROBES.FILE {/home/alkozyre/cernbox/Alexey_BTL/lpgbt-fpga-kcu105_Ver_13/lpgbt-fpga-kcu105_Ver_13.runs/impl_1/lpgbtfpga_kcu105_10g24_top.ltx} [get_hw_devices xcku040_0]
set_property FULL_PROBES.FILE {/home/alkozyre/cernbox/Alexey_BTL/lpgbt-fpga-kcu105_Ver_13/lpgbt-fpga-kcu105_Ver_13.runs/impl_1/lpgbtfpga_kcu105_10g24_top.ltx} [get_hw_devices xcku040_0]
set_property PROGRAM.FILE {/home/alkozyre/cernbox/Alexey_BTL/lpgbt-fpga-kcu105_Ver_13/lpgbt-fpga-kcu105_Ver_13.runs/impl_1/lpgbtfpga_kcu105_10g24_top.bit} [get_hw_devices xcku040_0]
program_hw_devices [get_hw_devices xcku040_0]
refresh_hw_device [lindex [get_hw_devices xcku040_0] 0]
set_property PROBES.FILE {/home/alkozyre/cernbox/Alexey_BTL/lpgbt-fpga-kcu105_Ver_13/lpgbt-fpga-kcu105_Ver_13.runs/impl_1/lpgbtfpga_kcu105_10g24_top.ltx} [get_hw_devices xcku040_0]
set_property FULL_PROBES.FILE {/home/alkozyre/cernbox/Alexey_BTL/lpgbt-fpga-kcu105_Ver_13/lpgbt-fpga-kcu105_Ver_13.runs/impl_1/lpgbtfpga_kcu105_10g24_top.ltx} [get_hw_devices xcku040_0]
set_property PROGRAM.FILE {/home/alkozyre/cernbox/Alexey_BTL/lpgbt-fpga-kcu105_Ver_13/lpgbt-fpga-kcu105_Ver_13.runs/impl_1/lpgbtfpga_kcu105_10g24_top.bit} [get_hw_devices xcku040_0]
program_hw_devices [get_hw_devices xcku040_0]
refresh_hw_device [lindex [get_hw_devices xcku040_0] 0]
set_property OUTPUT_VALUE 1 [get_hw_probes uplinkRst_i -of_objects [get_hw_vios -of_objects [get_hw_devices xcku040_0] -filter {CELL_NAME=~"vio_debug_inst"}]]
commit_hw_vio [get_hw_probes {uplinkRst_i} -of_objects [get_hw_vios -of_objects [get_hw_devices xcku040_0] -filter {CELL_NAME=~"vio_debug_inst"}]]
set_property OUTPUT_VALUE 0 [get_hw_probes uplinkRst_i -of_objects [get_hw_vios -of_objects [get_hw_devices xcku040_0] -filter {CELL_NAME=~"vio_debug_inst"}]]
commit_hw_vio [get_hw_probes {uplinkRst_i} -of_objects [get_hw_vios -of_objects [get_hw_devices xcku040_0] -filter {CELL_NAME=~"vio_debug_inst"}]]
close_hw
reset_run synth_1
launch_runs impl_1 -jobs 18
wait_on_run impl_1
launch_runs impl_1 -to_step write_bitstream -jobs 18
wait_on_run impl_1
open_hw
connect_hw_server
open_hw_target
set_property PROGRAM.FILE {/home/alkozyre/cernbox/Alexey_BTL/lpgbt-fpga-kcu105_Ver_13/lpgbt-fpga-kcu105_Ver_13.runs/impl_1/lpgbtfpga_kcu105_10g24_top.bit} [get_hw_devices xcku040_0]
set_property PROBES.FILE {/home/alkozyre/cernbox/Alexey_BTL/lpgbt-fpga-kcu105_Ver_13/lpgbt-fpga-kcu105_Ver_13.runs/impl_1/lpgbtfpga_kcu105_10g24_top.ltx} [get_hw_devices xcku040_0]
set_property FULL_PROBES.FILE {/home/alkozyre/cernbox/Alexey_BTL/lpgbt-fpga-kcu105_Ver_13/lpgbt-fpga-kcu105_Ver_13.runs/impl_1/lpgbtfpga_kcu105_10g24_top.ltx} [get_hw_devices xcku040_0]
current_hw_device [get_hw_devices xcku040_0]
refresh_hw_device [lindex [get_hw_devices xcku040_0] 0]
set_property PROBES.FILE {/home/alkozyre/cernbox/Alexey_BTL/lpgbt-fpga-kcu105_Ver_13/lpgbt-fpga-kcu105_Ver_13.runs/impl_1/lpgbtfpga_kcu105_10g24_top.ltx} [get_hw_devices xcku040_0]
set_property FULL_PROBES.FILE {/home/alkozyre/cernbox/Alexey_BTL/lpgbt-fpga-kcu105_Ver_13/lpgbt-fpga-kcu105_Ver_13.runs/impl_1/lpgbtfpga_kcu105_10g24_top.ltx} [get_hw_devices xcku040_0]
set_property PROGRAM.FILE {/home/alkozyre/cernbox/Alexey_BTL/lpgbt-fpga-kcu105_Ver_13/lpgbt-fpga-kcu105_Ver_13.runs/impl_1/lpgbtfpga_kcu105_10g24_top.bit} [get_hw_devices xcku040_0]
program_hw_devices [get_hw_devices xcku040_0]
refresh_hw_device [lindex [get_hw_devices xcku040_0] 0]
set_property OUTPUT_VALUE 1 [get_hw_probes uplinkRst_i -of_objects [get_hw_vios -of_objects [get_hw_devices xcku040_0] -filter {CELL_NAME=~"vio_debug_inst"}]]
commit_hw_vio [get_hw_probes {uplinkRst_i} -of_objects [get_hw_vios -of_objects [get_hw_devices xcku040_0] -filter {CELL_NAME=~"vio_debug_inst"}]]
set_property OUTPUT_VALUE 0 [get_hw_probes uplinkRst_i -of_objects [get_hw_vios -of_objects [get_hw_devices xcku040_0] -filter {CELL_NAME=~"vio_debug_inst"}]]
commit_hw_vio [get_hw_probes {uplinkRst_i} -of_objects [get_hw_vios -of_objects [get_hw_devices xcku040_0] -filter {CELL_NAME=~"vio_debug_inst"}]]
close_hw
reset_run synth_1
launch_runs impl_1 -jobs 18
wait_on_run impl_1
launch_runs impl_1 -to_step write_bitstream -jobs 18
wait_on_run impl_1
open_hw
connect_hw_server
open_hw_target
set_property PROGRAM.FILE {/home/alkozyre/cernbox/Alexey_BTL/lpgbt-fpga-kcu105_Ver_13/lpgbt-fpga-kcu105_Ver_13.runs/impl_1/lpgbtfpga_kcu105_10g24_top.bit} [get_hw_devices xcku040_0]
set_property PROBES.FILE {/home/alkozyre/cernbox/Alexey_BTL/lpgbt-fpga-kcu105_Ver_13/lpgbt-fpga-kcu105_Ver_13.runs/impl_1/lpgbtfpga_kcu105_10g24_top.ltx} [get_hw_devices xcku040_0]
set_property FULL_PROBES.FILE {/home/alkozyre/cernbox/Alexey_BTL/lpgbt-fpga-kcu105_Ver_13/lpgbt-fpga-kcu105_Ver_13.runs/impl_1/lpgbtfpga_kcu105_10g24_top.ltx} [get_hw_devices xcku040_0]
current_hw_device [get_hw_devices xcku040_0]
refresh_hw_device [lindex [get_hw_devices xcku040_0] 0]
set_property PROBES.FILE {/home/alkozyre/cernbox/Alexey_BTL/lpgbt-fpga-kcu105_Ver_13/lpgbt-fpga-kcu105_Ver_13.runs/impl_1/lpgbtfpga_kcu105_10g24_top.ltx} [get_hw_devices xcku040_0]
set_property FULL_PROBES.FILE {/home/alkozyre/cernbox/Alexey_BTL/lpgbt-fpga-kcu105_Ver_13/lpgbt-fpga-kcu105_Ver_13.runs/impl_1/lpgbtfpga_kcu105_10g24_top.ltx} [get_hw_devices xcku040_0]
set_property PROGRAM.FILE {/home/alkozyre/cernbox/Alexey_BTL/lpgbt-fpga-kcu105_Ver_13/lpgbt-fpga-kcu105_Ver_13.runs/impl_1/lpgbtfpga_kcu105_10g24_top.bit} [get_hw_devices xcku040_0]
program_hw_devices [get_hw_devices xcku040_0]
refresh_hw_device [lindex [get_hw_devices xcku040_0] 0]
set_property OUTPUT_VALUE 1 [get_hw_probes uplinkRst_i -of_objects [get_hw_vios -of_objects [get_hw_devices xcku040_0] -filter {CELL_NAME=~"vio_debug_inst"}]]
commit_hw_vio [get_hw_probes {uplinkRst_i} -of_objects [get_hw_vios -of_objects [get_hw_devices xcku040_0] -filter {CELL_NAME=~"vio_debug_inst"}]]
set_property OUTPUT_VALUE 0 [get_hw_probes uplinkRst_i -of_objects [get_hw_vios -of_objects [get_hw_devices xcku040_0] -filter {CELL_NAME=~"vio_debug_inst"}]]
commit_hw_vio [get_hw_probes {uplinkRst_i} -of_objects [get_hw_vios -of_objects [get_hw_devices xcku040_0] -filter {CELL_NAME=~"vio_debug_inst"}]]
close_hw
reset_run synth_1
launch_runs impl_1 -jobs 18
wait_on_run impl_1
reset_run impl_1
reset_run synth_1
launch_runs impl_1 -jobs 18
wait_on_run impl_1
launch_runs impl_1 -to_step write_bitstream -jobs 18
wait_on_run impl_1
reset_run synth_1
launch_runs impl_1 -to_step write_bitstream -jobs 18
wait_on_run impl_1
open_hw
connect_hw_server
open_hw_target
set_property PROGRAM.FILE {/home/alkozyre/cernbox/Alexey_BTL/lpgbt-fpga-kcu105_Ver_13/lpgbt-fpga-kcu105_Ver_13.runs/impl_1/lpgbtfpga_kcu105_10g24_top.bit} [get_hw_devices xcku040_0]
set_property PROBES.FILE {/home/alkozyre/cernbox/Alexey_BTL/lpgbt-fpga-kcu105_Ver_13/lpgbt-fpga-kcu105_Ver_13.runs/impl_1/lpgbtfpga_kcu105_10g24_top.ltx} [get_hw_devices xcku040_0]
set_property FULL_PROBES.FILE {/home/alkozyre/cernbox/Alexey_BTL/lpgbt-fpga-kcu105_Ver_13/lpgbt-fpga-kcu105_Ver_13.runs/impl_1/lpgbtfpga_kcu105_10g24_top.ltx} [get_hw_devices xcku040_0]
current_hw_device [get_hw_devices xcku040_0]
refresh_hw_device [lindex [get_hw_devices xcku040_0] 0]
set_property PROBES.FILE {/home/alkozyre/cernbox/Alexey_BTL/lpgbt-fpga-kcu105_Ver_13/lpgbt-fpga-kcu105_Ver_13.runs/impl_1/lpgbtfpga_kcu105_10g24_top.ltx} [get_hw_devices xcku040_0]
set_property FULL_PROBES.FILE {/home/alkozyre/cernbox/Alexey_BTL/lpgbt-fpga-kcu105_Ver_13/lpgbt-fpga-kcu105_Ver_13.runs/impl_1/lpgbtfpga_kcu105_10g24_top.ltx} [get_hw_devices xcku040_0]
set_property PROGRAM.FILE {/home/alkozyre/cernbox/Alexey_BTL/lpgbt-fpga-kcu105_Ver_13/lpgbt-fpga-kcu105_Ver_13.runs/impl_1/lpgbtfpga_kcu105_10g24_top.bit} [get_hw_devices xcku040_0]
program_hw_devices [get_hw_devices xcku040_0]
refresh_hw_device [lindex [get_hw_devices xcku040_0] 0]
set_property OUTPUT_VALUE 1 [get_hw_probes uplinkRst_i -of_objects [get_hw_vios -of_objects [get_hw_devices xcku040_0] -filter {CELL_NAME=~"vio_debug_inst"}]]
commit_hw_vio [get_hw_probes {uplinkRst_i} -of_objects [get_hw_vios -of_objects [get_hw_devices xcku040_0] -filter {CELL_NAME=~"vio_debug_inst"}]]
set_property OUTPUT_VALUE 0 [get_hw_probes uplinkRst_i -of_objects [get_hw_vios -of_objects [get_hw_devices xcku040_0] -filter {CELL_NAME=~"vio_debug_inst"}]]
commit_hw_vio [get_hw_probes {uplinkRst_i} -of_objects [get_hw_vios -of_objects [get_hw_devices xcku040_0] -filter {CELL_NAME=~"vio_debug_inst"}]]
close_hw
reset_run synth_1
launch_runs impl_1 -to_step write_bitstream -jobs 18
wait_on_run impl_1
open_hw
connect_hw_server
open_hw_target
set_property PROGRAM.FILE {/home/alkozyre/cernbox/Alexey_BTL/lpgbt-fpga-kcu105_Ver_13/lpgbt-fpga-kcu105_Ver_13.runs/impl_1/lpgbtfpga_kcu105_10g24_top.bit} [get_hw_devices xcku040_0]
set_property PROBES.FILE {/home/alkozyre/cernbox/Alexey_BTL/lpgbt-fpga-kcu105_Ver_13/lpgbt-fpga-kcu105_Ver_13.runs/impl_1/lpgbtfpga_kcu105_10g24_top.ltx} [get_hw_devices xcku040_0]
set_property FULL_PROBES.FILE {/home/alkozyre/cernbox/Alexey_BTL/lpgbt-fpga-kcu105_Ver_13/lpgbt-fpga-kcu105_Ver_13.runs/impl_1/lpgbtfpga_kcu105_10g24_top.ltx} [get_hw_devices xcku040_0]
current_hw_device [get_hw_devices xcku040_0]
refresh_hw_device [lindex [get_hw_devices xcku040_0] 0]
set_property PROBES.FILE {/home/alkozyre/cernbox/Alexey_BTL/lpgbt-fpga-kcu105_Ver_13/lpgbt-fpga-kcu105_Ver_13.runs/impl_1/lpgbtfpga_kcu105_10g24_top.ltx} [get_hw_devices xcku040_0]
set_property FULL_PROBES.FILE {/home/alkozyre/cernbox/Alexey_BTL/lpgbt-fpga-kcu105_Ver_13/lpgbt-fpga-kcu105_Ver_13.runs/impl_1/lpgbtfpga_kcu105_10g24_top.ltx} [get_hw_devices xcku040_0]
set_property PROGRAM.FILE {/home/alkozyre/cernbox/Alexey_BTL/lpgbt-fpga-kcu105_Ver_13/lpgbt-fpga-kcu105_Ver_13.runs/impl_1/lpgbtfpga_kcu105_10g24_top.bit} [get_hw_devices xcku040_0]
program_hw_devices [get_hw_devices xcku040_0]
refresh_hw_device [lindex [get_hw_devices xcku040_0] 0]
set_property OUTPUT_VALUE 1 [get_hw_probes uplinkRst_i -of_objects [get_hw_vios -of_objects [get_hw_devices xcku040_0] -filter {CELL_NAME=~"vio_debug_inst"}]]
commit_hw_vio [get_hw_probes {uplinkRst_i} -of_objects [get_hw_vios -of_objects [get_hw_devices xcku040_0] -filter {CELL_NAME=~"vio_debug_inst"}]]
set_property OUTPUT_VALUE 0 [get_hw_probes uplinkRst_i -of_objects [get_hw_vios -of_objects [get_hw_devices xcku040_0] -filter {CELL_NAME=~"vio_debug_inst"}]]
commit_hw_vio [get_hw_probes {uplinkRst_i} -of_objects [get_hw_vios -of_objects [get_hw_devices xcku040_0] -filter {CELL_NAME=~"vio_debug_inst"}]]
close_hw
reset_run synth_1
launch_runs impl_1 -to_step write_bitstream -jobs 18
wait_on_run impl_1
open_hw
connect_hw_server
open_hw_target
set_property PROGRAM.FILE {/home/alkozyre/cernbox/Alexey_BTL/lpgbt-fpga-kcu105_Ver_13/lpgbt-fpga-kcu105_Ver_13.runs/impl_1/lpgbtfpga_kcu105_10g24_top.bit} [get_hw_devices xcku040_0]
set_property PROBES.FILE {/home/alkozyre/cernbox/Alexey_BTL/lpgbt-fpga-kcu105_Ver_13/lpgbt-fpga-kcu105_Ver_13.runs/impl_1/lpgbtfpga_kcu105_10g24_top.ltx} [get_hw_devices xcku040_0]
set_property FULL_PROBES.FILE {/home/alkozyre/cernbox/Alexey_BTL/lpgbt-fpga-kcu105_Ver_13/lpgbt-fpga-kcu105_Ver_13.runs/impl_1/lpgbtfpga_kcu105_10g24_top.ltx} [get_hw_devices xcku040_0]
current_hw_device [get_hw_devices xcku040_0]
refresh_hw_device [lindex [get_hw_devices xcku040_0] 0]
set_property PROBES.FILE {/home/alkozyre/cernbox/Alexey_BTL/lpgbt-fpga-kcu105_Ver_13/lpgbt-fpga-kcu105_Ver_13.runs/impl_1/lpgbtfpga_kcu105_10g24_top.ltx} [get_hw_devices xcku040_0]
set_property FULL_PROBES.FILE {/home/alkozyre/cernbox/Alexey_BTL/lpgbt-fpga-kcu105_Ver_13/lpgbt-fpga-kcu105_Ver_13.runs/impl_1/lpgbtfpga_kcu105_10g24_top.ltx} [get_hw_devices xcku040_0]
set_property PROGRAM.FILE {/home/alkozyre/cernbox/Alexey_BTL/lpgbt-fpga-kcu105_Ver_13/lpgbt-fpga-kcu105_Ver_13.runs/impl_1/lpgbtfpga_kcu105_10g24_top.bit} [get_hw_devices xcku040_0]
program_hw_devices [get_hw_devices xcku040_0]
refresh_hw_device [lindex [get_hw_devices xcku040_0] 0]
set_property OUTPUT_VALUE 1 [get_hw_probes uplinkRst_i -of_objects [get_hw_vios -of_objects [get_hw_devices xcku040_0] -filter {CELL_NAME=~"vio_debug_inst"}]]
commit_hw_vio [get_hw_probes {uplinkRst_i} -of_objects [get_hw_vios -of_objects [get_hw_devices xcku040_0] -filter {CELL_NAME=~"vio_debug_inst"}]]
set_property OUTPUT_VALUE 0 [get_hw_probes uplinkRst_i -of_objects [get_hw_vios -of_objects [get_hw_devices xcku040_0] -filter {CELL_NAME=~"vio_debug_inst"}]]
commit_hw_vio [get_hw_probes {uplinkRst_i} -of_objects [get_hw_vios -of_objects [get_hw_devices xcku040_0] -filter {CELL_NAME=~"vio_debug_inst"}]]
close_hw
reset_run synth_1
launch_runs impl_1 -jobs 18
wait_on_run impl_1
launch_runs impl_1 -to_step write_bitstream -jobs 18
wait_on_run impl_1
open_hw
connect_hw_server
open_hw_target
set_property PROGRAM.FILE {/home/alkozyre/cernbox/Alexey_BTL/lpgbt-fpga-kcu105_Ver_13/lpgbt-fpga-kcu105_Ver_13.runs/impl_1/lpgbtfpga_kcu105_10g24_top.bit} [get_hw_devices xcku040_0]
set_property PROBES.FILE {/home/alkozyre/cernbox/Alexey_BTL/lpgbt-fpga-kcu105_Ver_13/lpgbt-fpga-kcu105_Ver_13.runs/impl_1/lpgbtfpga_kcu105_10g24_top.ltx} [get_hw_devices xcku040_0]
set_property FULL_PROBES.FILE {/home/alkozyre/cernbox/Alexey_BTL/lpgbt-fpga-kcu105_Ver_13/lpgbt-fpga-kcu105_Ver_13.runs/impl_1/lpgbtfpga_kcu105_10g24_top.ltx} [get_hw_devices xcku040_0]
current_hw_device [get_hw_devices xcku040_0]
refresh_hw_device [lindex [get_hw_devices xcku040_0] 0]
set_property PROBES.FILE {/home/alkozyre/cernbox/Alexey_BTL/lpgbt-fpga-kcu105_Ver_13/lpgbt-fpga-kcu105_Ver_13.runs/impl_1/lpgbtfpga_kcu105_10g24_top.ltx} [get_hw_devices xcku040_0]
set_property FULL_PROBES.FILE {/home/alkozyre/cernbox/Alexey_BTL/lpgbt-fpga-kcu105_Ver_13/lpgbt-fpga-kcu105_Ver_13.runs/impl_1/lpgbtfpga_kcu105_10g24_top.ltx} [get_hw_devices xcku040_0]
set_property PROGRAM.FILE {/home/alkozyre/cernbox/Alexey_BTL/lpgbt-fpga-kcu105_Ver_13/lpgbt-fpga-kcu105_Ver_13.runs/impl_1/lpgbtfpga_kcu105_10g24_top.bit} [get_hw_devices xcku040_0]
program_hw_devices [get_hw_devices xcku040_0]
refresh_hw_device [lindex [get_hw_devices xcku040_0] 0]
set_property OUTPUT_VALUE 1 [get_hw_probes uplinkRst_i -of_objects [get_hw_vios -of_objects [get_hw_devices xcku040_0] -filter {CELL_NAME=~"vio_debug_inst"}]]
commit_hw_vio [get_hw_probes {uplinkRst_i} -of_objects [get_hw_vios -of_objects [get_hw_devices xcku040_0] -filter {CELL_NAME=~"vio_debug_inst"}]]
set_property OUTPUT_VALUE 0 [get_hw_probes uplinkRst_i -of_objects [get_hw_vios -of_objects [get_hw_devices xcku040_0] -filter {CELL_NAME=~"vio_debug_inst"}]]
commit_hw_vio [get_hw_probes {uplinkRst_i} -of_objects [get_hw_vios -of_objects [get_hw_devices xcku040_0] -filter {CELL_NAME=~"vio_debug_inst"}]]
close_hw
save_project_as lpgbt-fpga-kcu105_Ver_13_IDLE_off /home/alkozyre/cernbox/Alexey_BTL/lpgbt-fpga-kcu105_Ver_13_IDLE_off -force
import_files
reset_run synth_1
launch_runs impl_1 -jobs 18
wait_on_run impl_1
reset_run synth_1
launch_runs impl_1 -jobs 18
wait_on_run impl_1
reset_run synth_1
launch_runs impl_1 -jobs 18
wait_on_run impl_1
launch_runs impl_1 -to_step write_bitstream -jobs 18
wait_on_run impl_1
open_hw
connect_hw_server
open_hw_target
set_property PROGRAM.FILE {/home/alkozyre/cernbox/Alexey_BTL/lpgbt-fpga-kcu105_Ver_13_IDLE_off/lpgbt-fpga-kcu105_Ver_13_IDLE_off.runs/impl_1/lpgbtfpga_kcu105_10g24_top.bit} [get_hw_devices xcku040_0]
set_property PROBES.FILE {/home/alkozyre/cernbox/Alexey_BTL/lpgbt-fpga-kcu105_Ver_13_IDLE_off/lpgbt-fpga-kcu105_Ver_13_IDLE_off.runs/impl_1/lpgbtfpga_kcu105_10g24_top.ltx} [get_hw_devices xcku040_0]
set_property FULL_PROBES.FILE {/home/alkozyre/cernbox/Alexey_BTL/lpgbt-fpga-kcu105_Ver_13_IDLE_off/lpgbt-fpga-kcu105_Ver_13_IDLE_off.runs/impl_1/lpgbtfpga_kcu105_10g24_top.ltx} [get_hw_devices xcku040_0]
current_hw_device [get_hw_devices xcku040_0]
refresh_hw_device [lindex [get_hw_devices xcku040_0] 0]
set_property PROBES.FILE {/home/alkozyre/cernbox/Alexey_BTL/lpgbt-fpga-kcu105_Ver_13_IDLE_off/lpgbt-fpga-kcu105_Ver_13_IDLE_off.runs/impl_1/lpgbtfpga_kcu105_10g24_top.ltx} [get_hw_devices xcku040_0]
set_property FULL_PROBES.FILE {/home/alkozyre/cernbox/Alexey_BTL/lpgbt-fpga-kcu105_Ver_13_IDLE_off/lpgbt-fpga-kcu105_Ver_13_IDLE_off.runs/impl_1/lpgbtfpga_kcu105_10g24_top.ltx} [get_hw_devices xcku040_0]
set_property PROGRAM.FILE {/home/alkozyre/cernbox/Alexey_BTL/lpgbt-fpga-kcu105_Ver_13_IDLE_off/lpgbt-fpga-kcu105_Ver_13_IDLE_off.runs/impl_1/lpgbtfpga_kcu105_10g24_top.bit} [get_hw_devices xcku040_0]
program_hw_devices [get_hw_devices xcku040_0]
refresh_hw_device [lindex [get_hw_devices xcku040_0] 0]
set_property OUTPUT_VALUE 1 [get_hw_probes uplinkRst_i -of_objects [get_hw_vios -of_objects [get_hw_devices xcku040_0] -filter {CELL_NAME=~"vio_debug_inst"}]]
commit_hw_vio [get_hw_probes {uplinkRst_i} -of_objects [get_hw_vios -of_objects [get_hw_devices xcku040_0] -filter {CELL_NAME=~"vio_debug_inst"}]]
set_property OUTPUT_VALUE 0 [get_hw_probes uplinkRst_i -of_objects [get_hw_vios -of_objects [get_hw_devices xcku040_0] -filter {CELL_NAME=~"vio_debug_inst"}]]
commit_hw_vio [get_hw_probes {uplinkRst_i} -of_objects [get_hw_vios -of_objects [get_hw_devices xcku040_0] -filter {CELL_NAME=~"vio_debug_inst"}]]
close_hw
