Copyright 1986-2018 Xilinx, Inc. All Rights Reserved.
-------------------------------------------------------------------------------------------------------------
| Tool Version      : Vivado v.2018.3 (lin64) Build 2405991 Thu Dec  6 23:36:41 MST 2018
| Date              : Tue Jan 28 09:40:00 2020
| Host              : ceacmsfw running 64-bit CentOS Linux release 7.6.1810 (Core)
| Command           : report_clock_utilization -file lpgbtfpga_kcu105_10g24_top_clock_utilization_routed.rpt
| Design            : lpgbtfpga_kcu105_10g24_top
| Device            : xcku040-ffva1156
| Speed File        : -2  PRODUCTION 1.25 10-29-2018
| Temperature Grade : E
-------------------------------------------------------------------------------------------------------------

Clock Utilization Report

Table of Contents
-----------------
1. Clock Primitive Utilization
2. Global Clock Resources
3. Global Clock Source Details
4. Local Clock Details
5. Clock Regions : Clock Primitives
6. Clock Regions : Load Primitives
7. Clock Regions : Global Clock Summary
8. Clock Regions : Routing Resource Utilization
9. Device Cell Placement Summary for Global Clock g0
10. Device Cell Placement Summary for Global Clock g1
11. Device Cell Placement Summary for Global Clock g2
12. Device Cell Placement Summary for Global Clock g3
13. Device Cell Placement Summary for Global Clock g4
14. Device Cell Placement Summary for Global Clock g5
15. Device Cell Placement Summary for Global Clock g6
16. Clock Region Cell Placement per Global Clock: Region X2Y1
17. Clock Region Cell Placement per Global Clock: Region X2Y2
18. Clock Region Cell Placement per Global Clock: Region X3Y2
19. Clock Region Cell Placement per Global Clock: Region X2Y3
20. Clock Region Cell Placement per Global Clock: Region X3Y3
21. Clock Region Cell Placement per Global Clock: Region X2Y4
22. Clock Region Cell Placement per Global Clock: Region X3Y4

1. Clock Primitive Utilization
------------------------------

+------------+------+-----------+-----+--------------+--------+
| Type       | Used | Available | LOC | Clock Region | Pblock |
+------------+------+-----------+-----+--------------+--------+
| BUFGCE     |    3 |       240 |   0 |            0 |      0 |
| BUFGCE_DIV |    0 |        40 |   0 |            0 |      0 |
| BUFGCTRL   |    0 |        80 |   0 |            0 |      0 |
| BUFG_GT    |    4 |       120 |   0 |            0 |      0 |
| MMCM       |    1 |        10 |   0 |            0 |      0 |
| PLL        |    0 |        20 |   0 |            0 |      0 |
+------------+------+-----------+-----+--------------+--------+


2. Global Clock Resources
-------------------------

+-----------+-----------+-----------------+------------+---------------+--------------+------+-------------------+-------------------+-------------+-----------------+--------------+--------------------------------------------------------------------------------------------+----------------------------------------------------------------------+--------------------------------------------+
| Global Id | Source Id | Driver Type/Pin | Constraint | Site          | Clock Region | Root | Clock Delay Group | Load Clock Region | Clock Loads | Non-Clock Loads | Clock Period | Clock                                                                                      | Driver Pin                                                           | Net                                        |
+-----------+-----------+-----------------+------------+---------------+--------------+------+-------------------+-------------------+-------------+-----------------+--------------+--------------------------------------------------------------------------------------------+----------------------------------------------------------------------+--------------------------------------------+
| g0        | src0      | BUFG_GT/O       | None       | BUFG_GT_X0Y97 | X3Y4         | X2Y2 |                   |                 4 |        4602 |               0 |        3.125 | rxoutclk_out[0]_1                                                                          | lpgbtFpga_top_inst/mgt_inst/rxWordClkBuf_inst/O                      | lpgbtFpga_top_inst/mgt_inst/MGT_RXUSRCLK_o |
| g1        | src1      | BUFG_GT/O       | None       | BUFG_GT_X0Y50 | X3Y2         | X2Y3 |                   |                 5 |        3760 |               0 |        8.000 | txoutclk_out[0]                                                                            | infra/eth/phy/U0/core_clocking_i/usrclk2_bufg_inst/O                 | infra/eth/phy/U0/core_clocking_i/userclk2  |
| g2        | src1      | BUFG_GT/O       | None       | BUFG_GT_X0Y68 | X3Y2         | X3Y2 |                   |                 1 |          68 |               0 |       16.000 | userclk_out                                                                                | infra/eth/phy/U0/core_clocking_i/usrclk_bufg_inst/O                  | infra/eth/phy/U0/core_clocking_i/userclk   |
| g3        | src2      | BUFGCE/O        | None       | BUFGCE_X1Y56  | X2Y2         | X2Y3 |                   |                 4 |        1223 |               1 |        8.000 | USER_CLOCK                                                                                 | mgt_freedrpclk_s_BUFG_inst/O                                         | mgt_freedrpclk_s_BUFG                      |
| g4        | src0      | BUFG_GT/O       | None       | BUFG_GT_X0Y96 | X3Y4         | X2Y2 |                   |                 4 |        1049 |               1 |        3.125 | txoutclk_out[0]_1                                                                          | lpgbtFpga_top_inst/mgt_inst/txWordClkBuf_inst/O                      | lpgbtFpga_top_inst/mgt_inst/clk_mgtTxClk_o |
| g5        | src3      | BUFGCE/O        | None       | BUFGCE_X1Y62  | X2Y2         | X2Y3 |                   |                 5 |         877 |               0 |       32.000 | ipbus_clk                                                                                  | infra/clocks/bufgipb/O                                               | infra/clocks/mmcm_0                        |
| g6        | src4      | BUFGCE/O        | None       | BUFGCE_X1Y116 | X2Y4         | X2Y4 |                   |                 2 |         460 |               0 |       33.000 | dbg_hub/inst/BSCANID.u_xsdbm_id/SWITCH_N_EXT_BSCAN.bscan_inst/SERIES7_BSCAN.bscan_inst/TCK | dbg_hub/inst/BSCANID.u_xsdbm_id/SWITCH_N_EXT_BSCAN.u_bufg_icon_tck/O | dbg_hub/inst/BSCANID.u_xsdbm_id/itck_i     |
+-----------+-----------+-----------------+------------+---------------+--------------+------+-------------------+-------------------+-------------+-----------------+--------------+--------------------------------------------------------------------------------------------+----------------------------------------------------------------------+--------------------------------------------+
* Clock Loads column represents the clock pin loads (pin count)
** Non-Clock Loads column represents the non-clock pin loads (pin count)


3. Global Clock Source Details
------------------------------

+-----------+-----------+------------------------+---------------------+---------------------+--------------+-------------+-----------------+---------------------+--------------------------------------------------------------------------------------------+--------------------------------------------------------------------------------------------------------------------------------------------------------------------------------------------------------------------------------------------------------------------------------------------------------------------------------------------------------------------+-------------------------------------------------------------------------------------------------------------------------------------------------------------------------------------------------------------------------------------------------------------------------------------------------------+
| Source Id | Global Id | Driver Type/Pin        | Constraint          | Site                | Clock Region | Clock Loads | Non-Clock Loads | Source Clock Period | Source Clock                                                                               | Driver Pin                                                                                                                                                                                                                                                                                                                                                         | Net                                                                                                                                                                                                                                                                                                   |
+-----------+-----------+------------------------+---------------------+---------------------+--------------+-------------+-----------------+---------------------+--------------------------------------------------------------------------------------------+--------------------------------------------------------------------------------------------------------------------------------------------------------------------------------------------------------------------------------------------------------------------------------------------------------------------------------------------------------------------+-------------------------------------------------------------------------------------------------------------------------------------------------------------------------------------------------------------------------------------------------------------------------------------------------------+
| src0      | g0        | GTHE3_CHANNEL/RXOUTCLK | GTHE3_CHANNEL_X0Y17 | GTHE3_CHANNEL_X0Y17 | X3Y4         |           2 |               0 |               3.125 | rxoutclk_out[0]_1                                                                          | lpgbtFpga_top_inst/mgt_inst/xlx_ku_mgt_std_i/inst/gen_gtwizard_gthe3_top.xlx_ku_mgt_ip_10g24_gtwizard_gthe3_inst/gen_gtwizard_gthe3.gen_channel_container[0].gen_enabled_channel.gthe3_channel_wrapper_inst/channel_inst/gthe3_channel_gen.gen_gthe3_channel_inst[0].GTHE3_CHANNEL_PRIM_INST/RXOUTCLK                                                              | lpgbtFpga_top_inst/mgt_inst/xlx_ku_mgt_std_i/inst/gen_gtwizard_gthe3_top.xlx_ku_mgt_ip_10g24_gtwizard_gthe3_inst/gen_gtwizard_gthe3.gen_channel_container[0].gen_enabled_channel.gthe3_channel_wrapper_inst/channel_inst/rxoutclk_out[0]                                                              |
| src0      | g4        | GTHE3_CHANNEL/TXOUTCLK | GTHE3_CHANNEL_X0Y17 | GTHE3_CHANNEL_X0Y17 | X3Y4         |           2 |               0 |               3.125 | txoutclk_out[0]_1                                                                          | lpgbtFpga_top_inst/mgt_inst/xlx_ku_mgt_std_i/inst/gen_gtwizard_gthe3_top.xlx_ku_mgt_ip_10g24_gtwizard_gthe3_inst/gen_gtwizard_gthe3.gen_channel_container[0].gen_enabled_channel.gthe3_channel_wrapper_inst/channel_inst/gthe3_channel_gen.gen_gthe3_channel_inst[0].GTHE3_CHANNEL_PRIM_INST/TXOUTCLK                                                              | lpgbtFpga_top_inst/mgt_inst/xlx_ku_mgt_std_i/inst/gen_gtwizard_gthe3_top.xlx_ku_mgt_ip_10g24_gtwizard_gthe3_inst/gen_gtwizard_gthe3.gen_channel_container[0].gen_enabled_channel.gthe3_channel_wrapper_inst/channel_inst/txoutclk_out[0]                                                              |
| src1      | g1, g2    | GTHE3_CHANNEL/TXOUTCLK | GTHE3_CHANNEL_X0Y10 | GTHE3_CHANNEL_X0Y10 | X3Y2         |           3 |               0 |               8.000 | txoutclk_out[0]                                                                            | infra/eth/phy/U0/pcs_pma_block_i/transceiver_inst/gig_ethernet_pcs_pma_basex_156_25_gt_i/inst/gen_gtwizard_gthe3_top.gig_ethernet_pcs_pma_basex_156_25_gt_gtwizard_gthe3_inst/gen_gtwizard_gthe3.gen_channel_container[0].gen_enabled_channel.gthe3_channel_wrapper_inst/channel_inst/gthe3_channel_gen.gen_gthe3_channel_inst[0].GTHE3_CHANNEL_PRIM_INST/TXOUTCLK | infra/eth/phy/U0/pcs_pma_block_i/transceiver_inst/gig_ethernet_pcs_pma_basex_156_25_gt_i/inst/gen_gtwizard_gthe3_top.gig_ethernet_pcs_pma_basex_156_25_gt_gtwizard_gthe3_inst/gen_gtwizard_gthe3.gen_channel_container[0].gen_enabled_channel.gthe3_channel_wrapper_inst/channel_inst/txoutclk_out[0] |
| src2      | g3        | IBUFCTRL/O             | IOB_X1Y127          | IOB_X1Y127          | X2Y2         |           1 |               0 |               8.000 | USER_CLOCK                                                                                 | userClockIbufgds/IBUFCTRL_INST/O                                                                                                                                                                                                                                                                                                                                   | userClockIbufgds/O                                                                                                                                                                                                                                                                                    |
| src3      | g5        | MMCME3_ADV/CLKOUT1     | None                | MMCME3_ADV_X1Y2     | X2Y2         |           1 |               0 |              32.000 | ipbus_clk                                                                                  | infra/clocks/mmcm/CLKOUT1                                                                                                                                                                                                                                                                                                                                          | infra/clocks/I                                                                                                                                                                                                                                                                                        |
| src4      | g6        | BSCANE2/TCK            | None                | CONFIG_SITE_X0Y0    | X3Y1         |           1 |               0 |              33.000 | dbg_hub/inst/BSCANID.u_xsdbm_id/SWITCH_N_EXT_BSCAN.bscan_inst/SERIES7_BSCAN.bscan_inst/TCK | dbg_hub/inst/BSCANID.u_xsdbm_id/SWITCH_N_EXT_BSCAN.bscan_inst/SERIES7_BSCAN.bscan_inst/TCK                                                                                                                                                                                                                                                                         | dbg_hub/inst/BSCANID.u_xsdbm_id/SWITCH_N_EXT_BSCAN.bscan_inst/tck_bs                                                                                                                                                                                                                                  |
+-----------+-----------+------------------------+---------------------+---------------------+--------------+-------------+-----------------+---------------------+--------------------------------------------------------------------------------------------+--------------------------------------------------------------------------------------------------------------------------------------------------------------------------------------------------------------------------------------------------------------------------------------------------------------------------------------------------------------------+-------------------------------------------------------------------------------------------------------------------------------------------------------------------------------------------------------------------------------------------------------------------------------------------------------+
* Clock Loads column represents the clock pin loads (pin count)
** Non-Clock Loads column represents the non-clock pin loads (pin count)


4. Local Clock Details
----------------------

+----------+-----------------+------------+-------------------+--------------+-------------+-----------------+--------------+-------+-------------------------------------------+---------------------------------------------+
| Local Id | Driver Type/Pin | Constraint | Site/BEL          | Clock Region | Clock Loads | Non-Clock Loads | Clock Period | Clock | Driver Pin                                | Net                                         |
+----------+-----------------+------------+-------------------+--------------+-------------+-----------------+--------------+-------+-------------------------------------------+---------------------------------------------||
| 0        | FDRE/Q          | None       | SLICE_X85Y266/AFF | X3Y4         |           1 |               2 |              |       | payload/example/TxRx_Data_SrcRcvr_s_reg/Q | payload/example/TxRx_Data_SrcRcvr_s_reg_n_0 - Static -
+----------+-----------------+------------+-------------------+--------------+-------------+-----------------+--------------+-------+-------------------------------------------+---------------------------------------------||
* Local Clocks in this context represents only clocks driven by non-global buffers
** Clock Loads column represents the clock pin loads (pin count)
*** Non-Clock Loads column represents the non-clock pin loads (pin count)


5. Clock Regions : Clock Primitives
-----------------------------------

+-------------------+--------------+--------------+--------------+--------------+--------------+--------------+--------------+
|                   | Global Clock |    BUFGCE    |  BUFGCE_DIV  |   BUFGCTRL   |    BUFG_GT   |     MMCM     |      PLL     |
+-------------------+------+-------+------+-------+------+-------+------+-------+------+-------+------+-------+------+-------+
| Clock Region Name | Used | Avail | Used | Avail | Used | Avail | Used | Avail | Used | Avail | Used | Avail | Used | Avail |
+-------------------+------+-------+------+-------+------+-------+------+-------+------+-------+------+-------+------+-------+
| X0Y0              |    0 |    24 |    0 |    24 |    0 |     4 |    0 |     8 |    0 |     0 |    0 |     1 |    0 |     2 |
| X1Y0              |    0 |    24 |    0 |     0 |    0 |     0 |    0 |     0 |    0 |     0 |    0 |     0 |    0 |     0 |
| X2Y0              |    0 |    24 |    0 |    24 |    0 |     4 |    0 |     8 |    0 |     0 |    0 |     1 |    0 |     2 |
| X3Y0              |    0 |    24 |    0 |     0 |    0 |     0 |    0 |     0 |    0 |    24 |    0 |     0 |    0 |     0 |
| X0Y1              |    0 |    24 |    0 |    24 |    0 |     4 |    0 |     8 |    0 |     0 |    0 |     1 |    0 |     2 |
| X1Y1              |    0 |    24 |    0 |     0 |    0 |     0 |    0 |     0 |    0 |     0 |    0 |     0 |    0 |     0 |
| X2Y1              |    2 |    24 |    0 |    24 |    0 |     4 |    0 |     8 |    0 |     0 |    0 |     1 |    0 |     2 |
| X3Y1              |    0 |    24 |    0 |     0 |    0 |     0 |    0 |     0 |    0 |    24 |    0 |     0 |    0 |     0 |
| X0Y2              |    0 |    24 |    0 |    24 |    0 |     4 |    0 |     8 |    0 |     0 |    0 |     1 |    0 |     2 |
| X1Y2              |    0 |    24 |    0 |     0 |    0 |     0 |    0 |     0 |    0 |     0 |    0 |     0 |    0 |     0 |
| X2Y2              |    5 |    24 |    2 |    24 |    0 |     4 |    0 |     8 |    0 |     0 |    1 |     1 |    0 |     2 |
| X3Y2              |    3 |    24 |    0 |     0 |    0 |     0 |    0 |     0 |    2 |    24 |    0 |     0 |    0 |     0 |
| X0Y3              |    0 |    24 |    0 |    24 |    0 |     4 |    0 |     8 |    0 |     0 |    0 |     1 |    0 |     2 |
| X1Y3              |    0 |    24 |    0 |     0 |    0 |     0 |    0 |     0 |    0 |     0 |    0 |     0 |    0 |     0 |
| X2Y3              |    5 |    24 |    0 |    24 |    0 |     4 |    0 |     8 |    0 |     0 |    0 |     1 |    0 |     2 |
| X3Y3              |    5 |    24 |    0 |     0 |    0 |     0 |    0 |     0 |    0 |    24 |    0 |     0 |    0 |     0 |
| X0Y4              |    0 |    24 |    0 |    24 |    0 |     4 |    0 |     8 |    0 |     0 |    0 |     1 |    0 |     2 |
| X1Y4              |    0 |    24 |    0 |     0 |    0 |     0 |    0 |     0 |    0 |     0 |    0 |     0 |    0 |     0 |
| X2Y4              |    6 |    24 |    1 |    24 |    0 |     4 |    0 |     8 |    0 |     0 |    0 |     1 |    0 |     2 |
| X3Y4              |    6 |    24 |    0 |     0 |    0 |     0 |    0 |     0 |    2 |    24 |    0 |     0 |    0 |     0 |
+-------------------+------+-------+------+-------+------+-------+------+-------+------+-------+------+-------+------+-------+
* Global Clock column represents track count; while other columns represents cell counts


6. Clock Regions : Load Primitives
----------------------------------

+-------------------+------------------+------------------+------------------+------------------+------------------+------------------+------------------+
|                   |   Global Clock   |        FF        |      LUTRAM      |  Block RAM (18K) |        DSP       |        GT        |      HARD IP     |
+-------------------+--------+---------+--------+---------+--------+---------+--------+---------+--------+---------+--------+---------+--------+---------+
| Clock Region Name | Used   | Avail   | Used   | Avail   | Used   | Avail   | Used   | Avail   | Used   | Avail   | Used   | Avail   | Used   | Avail   |
+-------------------+--------+---------+--------+---------+--------+---------+--------+---------+--------+---------+--------+---------+--------+---------+
| X0Y0              |      0 |      24 |      0 |   23040 |      0 |    5760 |      0 |      72 |      0 |      96 |      0 |       0 |      0 |       0 |
| X1Y0              |      0 |      24 |      0 |   24000 |      0 |    6240 |      0 |      72 |      0 |      96 |      0 |       0 |      0 |       0 |
| X2Y0              |      0 |      24 |      0 |   25920 |      0 |    7200 |      0 |      48 |      0 |     144 |      0 |       0 |      0 |       0 |
| X3Y0              |      0 |      24 |      0 |   24000 |      0 |    3360 |      0 |      48 |      0 |      48 |      0 |       4 |      0 |       1 |
| X0Y1              |      0 |      24 |      0 |   23040 |      0 |    5760 |      0 |      72 |      0 |      96 |      0 |       0 |      0 |       0 |
| X1Y1              |      0 |      24 |      0 |   24000 |      0 |    6240 |      0 |      72 |      0 |      96 |      0 |       0 |      0 |       0 |
| X2Y1              |      2 |      24 |     56 |   25920 |      0 |    7200 |      0 |      48 |      0 |     144 |      0 |       0 |      0 |       0 |
| X3Y1              |      0 |      24 |      0 |   24000 |      0 |    3360 |      0 |      48 |      0 |      48 |      0 |       4 |      0 |       0 |
| X0Y2              |      0 |      24 |      0 |   23040 |      0 |    5760 |      0 |      72 |      0 |      96 |      0 |       0 |      0 |       0 |
| X1Y2              |      0 |      24 |      0 |   24000 |      0 |    6240 |      0 |      72 |      0 |      96 |      0 |       0 |      0 |       0 |
| X2Y2              |      5 |      24 |      0 |   25920 |      0 |    7200 |      0 |      48 |      0 |     144 |      0 |       0 |      0 |       0 |
| X3Y2              |      3 |      24 |    463 |   24000 |      8 |    3360 |      0 |      48 |      0 |      48 |      1 |       4 |      0 |       0 |
| X0Y3              |      0 |      24 |      0 |   23040 |      0 |    5760 |      0 |      72 |      0 |      96 |      0 |       0 |      0 |       0 |
| X1Y3              |      0 |      24 |      0 |   24000 |      0 |    6240 |      0 |      72 |      0 |      96 |      0 |       0 |      0 |       0 |
| X2Y3              |      5 |      24 |    390 |   25920 |      3 |    7200 |     13 |      48 |      0 |     144 |      0 |       0 |      0 |       0 |
| X3Y3              |      5 |      24 |   2393 |   24000 |     15 |    3360 |     16 |      48 |      0 |      48 |      0 |       4 |      0 |       1 |
| X0Y4              |      0 |      24 |      0 |   23040 |      0 |    5760 |      0 |      72 |      0 |      96 |      0 |       0 |      0 |       0 |
| X1Y4              |      0 |      24 |      0 |   24000 |      0 |    6240 |      0 |      72 |      0 |      96 |      0 |       0 |      0 |       0 |
| X2Y4              |      6 |      24 |   1797 |   25920 |     37 |    7200 |     26 |      48 |      0 |     144 |      0 |       0 |      0 |       0 |
| X3Y4              |      6 |      24 |   6765 |   24000 |      0 |    3360 |     34 |      48 |      0 |      48 |      1 |       4 |      0 |       1 |
+-------------------+--------+---------+--------+---------+--------+---------+--------+---------+--------+---------+--------+---------+--------+---------+
* Global Clock column represents track count; while other columns represents cell counts


7. Clock Regions : Global Clock Summary
---------------------------------------

All Modules
+----+----+----+----+----+
|    | X0 | X1 | X2 | X3 |
+----+----+----+----+----+
| Y4 |  0 |  0 |  6 |  6 |
| Y3 |  0 |  0 |  5 |  5 |
| Y2 |  0 |  0 |  4 |  3 |
| Y1 |  0 |  0 |  2 |  0 |
| Y0 |  0 |  0 |  0 |  0 |
+----+----+----+----+----+


8. Clock Regions : Routing Resource Utilization
-----------------------------------------------

All Modules
+-------------------+----------------------+----------------------+----------------------+----------------------+
|                   |        HROUTES       |        HDISTRS       |        VROUTES       |        VDISTRS       |
+-------------------+------+-------+-------+------+-------+-------+------+-------+-------+------+-------+-------+
| Clock Region Name | Used | Avail | Util% | Used | Avail | Util% | Used | Avail | Util% | Used | Avail | Util% |
+-------------------+------+-------+-------+------+-------+-------+------+-------+-------+------+-------+-------+
| X0Y0              |    0 |    24 |  0.00 |    0 |    24 |  0.00 |    0 |    24 |  0.00 |    0 |    24 |  0.00 |
| X1Y0              |    0 |    24 |  0.00 |    0 |    24 |  0.00 |    0 |    24 |  0.00 |    0 |    24 |  0.00 |
| X2Y0              |    0 |    24 |  0.00 |    0 |    24 |  0.00 |    0 |    24 |  0.00 |    0 |    24 |  0.00 |
| X3Y0              |    0 |    24 |  0.00 |    0 |    24 |  0.00 |    0 |    24 |  0.00 |    0 |    24 |  0.00 |
| X0Y1              |    0 |    24 |  0.00 |    0 |    24 |  0.00 |    0 |    24 |  0.00 |    0 |    24 |  0.00 |
| X1Y1              |    0 |    24 |  0.00 |    0 |    24 |  0.00 |    0 |    24 |  0.00 |    0 |    24 |  0.00 |
| X2Y1              |    0 |    24 |  0.00 |    2 |    24 |  8.33 |    0 |    24 |  0.00 |    2 |    24 |  8.33 |
| X3Y1              |    0 |    24 |  0.00 |    0 |    24 |  0.00 |    0 |    24 |  0.00 |    0 |    24 |  0.00 |
| X0Y2              |    0 |    24 |  0.00 |    0 |    24 |  0.00 |    0 |    24 |  0.00 |    0 |    24 |  0.00 |
| X1Y2              |    0 |    24 |  0.00 |    0 |    24 |  0.00 |    0 |    24 |  0.00 |    0 |    24 |  0.00 |
| X2Y2              |    3 |    24 | 12.50 |    3 |    24 | 12.50 |    2 |    24 |  8.33 |    5 |    24 | 20.83 |
| X3Y2              |    1 |    24 |  4.17 |    3 |    24 | 12.50 |    0 |    24 |  0.00 |    0 |    24 |  0.00 |
| X0Y3              |    0 |    24 |  0.00 |    0 |    24 |  0.00 |    0 |    24 |  0.00 |    0 |    24 |  0.00 |
| X1Y3              |    0 |    24 |  0.00 |    0 |    24 |  0.00 |    0 |    24 |  0.00 |    0 |    24 |  0.00 |
| X2Y3              |    0 |    24 |  0.00 |    5 |    24 | 20.83 |    5 |    24 | 20.83 |    5 |    24 | 20.83 |
| X3Y3              |    0 |    24 |  0.00 |    5 |    24 | 20.83 |    0 |    24 |  0.00 |    0 |    24 |  0.00 |
| X0Y4              |    0 |    24 |  0.00 |    0 |    24 |  0.00 |    0 |    24 |  0.00 |    0 |    24 |  0.00 |
| X1Y4              |    0 |    24 |  0.00 |    0 |    24 |  0.00 |    0 |    24 |  0.00 |    0 |    24 |  0.00 |
| X2Y4              |    2 |    24 |  8.33 |    6 |    24 | 25.00 |    2 |    24 |  8.33 |    0 |    24 |  0.00 |
| X3Y4              |    2 |    24 |  8.33 |    6 |    24 | 25.00 |    0 |    24 |  0.00 |    0 |    24 |  0.00 |
+-------------------+------+-------+-------+------+-------+-------+------+-------+-------+------+-------+-------+


9. Device Cell Placement Summary for Global Clock g0
----------------------------------------------------

+-----------+-----------------+-------------------+-------------------+-------------+---------------+----------+-------------+----------+----------------+----------+--------------------------------------------+
| Global Id | Driver Type/Pin | Driver Region (D) | Clock             | Period (ns) | Waveform (ns) | Root (R) | Slice Loads | IO Loads | Clocking Loads | GT Loads | Net                                        |
+-----------+-----------------+-------------------+-------------------+-------------+---------------+----------+-------------+----------+----------------+----------+--------------------------------------------+
| g0        | BUFG_GT/O       | X3Y4              | rxoutclk_out[0]_1 |       3.125 | {0.000 1.562} | X2Y2     |        4600 |        0 |              0 |        1 | lpgbtFpga_top_inst/mgt_inst/MGT_RXUSRCLK_o |
+-----------+-----------------+-------------------+-------------------+-------------+---------------+----------+-------------+----------+----------------+----------+--------------------------------------------+
* Logic Loads column represents load cell count of all cell types other than IO, GT and clock resources
** IO Loads column represents load cell count of IO types
*** Clocking Loads column represents load cell count that are clock resources (global clock buffer, MMCM, PLL, etc)
**** GT Loads column represents load cell count of GT types


+----+----+----+-------+-----------+
|    | X0 | X1 | X2    | X3        |
+----+----+----+-------+-----------+
| Y4 |  0 |  0 |    56 |  (D) 4380 |
| Y3 |  0 |  0 |     0 |       137 |
| Y2 |  0 |  0 | (R) 0 |         0 |
| Y1 |  0 |  0 |    28 |         0 |
| Y0 |  0 |  0 |     0 |         0 |
+----+----+----+-------+-----------+


10. Device Cell Placement Summary for Global Clock g1
-----------------------------------------------------

+-----------+-----------------+-------------------+-----------------+-------------+---------------+----------+-------------+----------+----------------+----------+-------------------------------------------+
| Global Id | Driver Type/Pin | Driver Region (D) | Clock           | Period (ns) | Waveform (ns) | Root (R) | Slice Loads | IO Loads | Clocking Loads | GT Loads | Net                                       |
+-----------+-----------------+-------------------+-----------------+-------------+---------------+----------+-------------+----------+----------------+----------+-------------------------------------------+
| g1        | BUFG_GT/O       | X3Y2              | txoutclk_out[0] |       8.000 | {0.000 4.000} | X2Y3     |        3751 |        0 |              0 |        0 | infra/eth/phy/U0/core_clocking_i/userclk2 |
+-----------+-----------------+-------------------+-----------------+-------------+---------------+----------+-------------+----------+----------------+----------+-------------------------------------------+
* Logic Loads column represents load cell count of all cell types other than IO, GT and clock resources
** IO Loads column represents load cell count of IO types
*** Clocking Loads column represents load cell count that are clock resources (global clock buffer, MMCM, PLL, etc)
**** GT Loads column represents load cell count of GT types


+----+----+----+---------+----------+
|    | X0 | X1 | X2      | X3       |
+----+----+----+---------+----------+
| Y4 |  0 |  0 |    1303 |      295 |
| Y3 |  0 |  0 | (R) 400 |     1534 |
| Y2 |  0 |  0 |       0 |  (D) 219 |
| Y1 |  0 |  0 |       0 |        0 |
| Y0 |  0 |  0 |       0 |        0 |
+----+----+----+---------+----------+


11. Device Cell Placement Summary for Global Clock g2
-----------------------------------------------------

+-----------+-----------------+-------------------+-------------+-------------+---------------+----------+-------------+----------+----------------+----------+------------------------------------------+
| Global Id | Driver Type/Pin | Driver Region (D) | Clock       | Period (ns) | Waveform (ns) | Root (R) | Slice Loads | IO Loads | Clocking Loads | GT Loads | Net                                      |
+-----------+-----------------+-------------------+-------------+-------------+---------------+----------+-------------+----------+----------------+----------+------------------------------------------+
| g2        | BUFG_GT/O       | X3Y2              | userclk_out |      16.000 | {0.000 8.000} | X3Y2     |          64 |        0 |              0 |        1 | infra/eth/phy/U0/core_clocking_i/userclk |
+-----------+-----------------+-------------------+-------------+-------------+---------------+----------+-------------+----------+----------------+----------+------------------------------------------+
* Logic Loads column represents load cell count of all cell types other than IO, GT and clock resources
** IO Loads column represents load cell count of IO types
*** Clocking Loads column represents load cell count that are clock resources (global clock buffer, MMCM, PLL, etc)
**** GT Loads column represents load cell count of GT types


+----+----+----+----+------------+
|    | X0 | X1 | X2 | X3         |
+----+----+----+----+------------+
| Y4 |  0 |  0 |  0 |          0 |
| Y3 |  0 |  0 |  0 |          0 |
| Y2 |  0 |  0 |  0 | (R) (D) 65 |
| Y1 |  0 |  0 |  0 |          0 |
| Y0 |  0 |  0 |  0 |          0 |
+----+----+----+----+------------+


12. Device Cell Placement Summary for Global Clock g3
-----------------------------------------------------

+-----------+-----------------+-------------------+------------+-------------+---------------+----------+-------------+----------+----------------+----------+-----------------------+
| Global Id | Driver Type/Pin | Driver Region (D) | Clock      | Period (ns) | Waveform (ns) | Root (R) | Slice Loads | IO Loads | Clocking Loads | GT Loads | Net                   |
+-----------+-----------------+-------------------+------------+-------------+---------------+----------+-------------+----------+----------------+----------+-----------------------+
| g3        | BUFGCE/O        | X2Y2              | USER_CLOCK |       8.000 | {0.000 4.000} | X2Y3     |        1220 |        0 |              1 |        1 | mgt_freedrpclk_s_BUFG |
+-----------+-----------------+-------------------+------------+-------------+---------------+----------+-------------+----------+----------------+----------+-----------------------+
* Logic Loads column represents load cell count of all cell types other than IO, GT and clock resources
** IO Loads column represents load cell count of IO types
*** Clocking Loads column represents load cell count that are clock resources (global clock buffer, MMCM, PLL, etc)
**** GT Loads column represents load cell count of GT types


+----+----+----+--------+-------+
|    | X0 | X1 | X2     | X3    |
+----+----+----+--------+-------+
| Y4 |  0 |  0 |    127 |  1017 |
| Y3 |  0 |  0 |  (R) 0 |    77 |
| Y2 |  0 |  0 |  (D) 1 |     0 |
| Y1 |  0 |  0 |      0 |     0 |
| Y0 |  0 |  0 |      0 |     0 |
+----+----+----+--------+-------+


13. Device Cell Placement Summary for Global Clock g4
-----------------------------------------------------

+-----------+-----------------+-------------------+-------------------+-------------+---------------+----------+-------------+----------+----------------+----------+--------------------------------------------+
| Global Id | Driver Type/Pin | Driver Region (D) | Clock             | Period (ns) | Waveform (ns) | Root (R) | Slice Loads | IO Loads | Clocking Loads | GT Loads | Net                                        |
+-----------+-----------------+-------------------+-------------------+-------------+---------------+----------+-------------+----------+----------------+----------+--------------------------------------------+
| g4        | BUFG_GT/O       | X3Y4              | txoutclk_out[0]_1 |       3.125 | {0.000 1.562} | X2Y2     |        1047 |        1 |              0 |        1 | lpgbtFpga_top_inst/mgt_inst/clk_mgtTxClk_o |
+-----------+-----------------+-------------------+-------------------+-------------+---------------+----------+-------------+----------+----------------+----------+--------------------------------------------+
* Logic Loads column represents load cell count of all cell types other than IO, GT and clock resources
** IO Loads column represents load cell count of IO types
*** Clocking Loads column represents load cell count that are clock resources (global clock buffer, MMCM, PLL, etc)
**** GT Loads column represents load cell count of GT types


+----+----+----+-------+----------+
|    | X0 | X1 | X2    | X3       |
+----+----+----+-------+----------+
| Y4 |  0 |  0 |    28 |  (D) 398 |
| Y3 |  0 |  0 |     0 |      594 |
| Y2 |  0 |  0 | (R) 0 |        0 |
| Y1 |  0 |  0 |    29 |        0 |
| Y0 |  0 |  0 |     0 |        0 |
+----+----+----+-------+----------+


14. Device Cell Placement Summary for Global Clock g5
-----------------------------------------------------

+-----------+-----------------+-------------------+-----------+-------------+----------------+----------+-------------+----------+----------------+----------+---------------------+
| Global Id | Driver Type/Pin | Driver Region (D) | Clock     | Period (ns) | Waveform (ns)  | Root (R) | Slice Loads | IO Loads | Clocking Loads | GT Loads | Net                 |
+-----------+-----------------+-------------------+-----------+-------------+----------------+----------+-------------+----------+----------------+----------+---------------------+
| g5        | BUFGCE/O        | X2Y2              | ipbus_clk |      32.000 | {0.000 16.000} | X2Y3     |         876 |        0 |              0 |        1 | infra/clocks/mmcm_0 |
+-----------+-----------------+-------------------+-----------+-------------+----------------+----------+-------------+----------+----------------+----------+---------------------+
* Logic Loads column represents load cell count of all cell types other than IO, GT and clock resources
** IO Loads column represents load cell count of IO types
*** Clocking Loads column represents load cell count that are clock resources (global clock buffer, MMCM, PLL, etc)
**** GT Loads column represents load cell count of GT types


+----+----+----+--------+------+
|    | X0 | X1 | X2     | X3   |
+----+----+----+--------+------+
| Y4 |  0 |  0 |     69 |  530 |
| Y3 |  0 |  0 |  (R) 7 |   82 |
| Y2 |  0 |  0 |  (D) 0 |  189 |
| Y1 |  0 |  0 |      0 |    0 |
| Y0 |  0 |  0 |      0 |    0 |
+----+----+----+--------+------+


15. Device Cell Placement Summary for Global Clock g6
-----------------------------------------------------

+-----------+-----------------+-------------------+--------------------------------------------------------------------------------------------+-------------+----------------+----------+-------------+----------+----------------+----------+----------------------------------------+
| Global Id | Driver Type/Pin | Driver Region (D) | Clock                                                                                      | Period (ns) | Waveform (ns)  | Root (R) | Slice Loads | IO Loads | Clocking Loads | GT Loads | Net                                    |
+-----------+-----------------+-------------------+--------------------------------------------------------------------------------------------+-------------+----------------+----------+-------------+----------+----------------+----------+----------------------------------------+
| g6        | BUFGCE/O        | X2Y4              | dbg_hub/inst/BSCANID.u_xsdbm_id/SWITCH_N_EXT_BSCAN.bscan_inst/SERIES7_BSCAN.bscan_inst/TCK |      33.000 | {0.000 16.500} | X2Y4     |         458 |        0 |              0 |        0 | dbg_hub/inst/BSCANID.u_xsdbm_id/itck_i |
+-----------+-----------------+-------------------+--------------------------------------------------------------------------------------------+-------------+----------------+----------+-------------+----------+----------------+----------+----------------------------------------+
* Logic Loads column represents load cell count of all cell types other than IO, GT and clock resources
** IO Loads column represents load cell count of IO types
*** Clocking Loads column represents load cell count that are clock resources (global clock buffer, MMCM, PLL, etc)
**** GT Loads column represents load cell count of GT types


+----+----+----+-------------+------+
|    | X0 | X1 | X2          | X3   |
+----+----+----+-------------+------+
| Y4 |  0 |  0 | (R) (D) 276 |  182 |
| Y3 |  0 |  0 |           0 |    0 |
| Y2 |  0 |  0 |           0 |    0 |
| Y1 |  0 |  0 |           0 |    0 |
| Y0 |  0 |  0 |           0 |    0 |
+----+----+----+-------------+------+


16. Clock Region Cell Placement per Global Clock: Region X2Y1
-------------------------------------------------------------

+-----------+-------+-----------------+------------+-------------+-----------------+----+--------+------+-----+----+------+-----+---------+--------------------------------------------+
| Global Id | Track | Driver Type/Pin | Constraint | Clock Loads | Non-Clock Loads | FF | LUTRAM | RAMB | DSP | GT | MMCM | PLL | Hard IP | Net                                        |
+-----------+-------+-----------------+------------+-------------+-----------------+----+--------+------+-----+----+------+-----+---------+--------------------------------------------+
| g0        | 1     | BUFG_GT/O       | None       |          28 |               0 | 28 |      0 |    0 |   0 |  0 |    0 |   0 |       0 | lpgbtFpga_top_inst/mgt_inst/MGT_RXUSRCLK_o |
| g4        | 0     | BUFG_GT/O       | None       |          28 |               1 | 28 |      0 |    0 |   0 |  0 |    0 |   0 |       0 | lpgbtFpga_top_inst/mgt_inst/clk_mgtTxClk_o |
+-----------+-------+-----------------+------------+-------------+-----------------+----+--------+------+-----+----+------+-----+---------+--------------------------------------------+
* Clock Loads column represents the clock pin loads (pin count)
** Non-Clock Loads column represents the non-clock pin loads (pin count)
*** Columns FF, LUTRAM, RAMB through 'Hard IP' represents load cell counts


17. Clock Region Cell Placement per Global Clock: Region X2Y2
-------------------------------------------------------------

+-----------+-------+-----------------+------------+-------------+-----------------+----+--------+------+-----+----+------+-----+---------+--------------------------------------------+
| Global Id | Track | Driver Type/Pin | Constraint | Clock Loads | Non-Clock Loads | FF | LUTRAM | RAMB | DSP | GT | MMCM | PLL | Hard IP | Net                                        |
+-----------+-------+-----------------+------------+-------------+-----------------+----+--------+------+-----+----+------+-----+---------+--------------------------------------------+
| g0+       | 1     | BUFG_GT/O       | None       |           0 |               0 |  0 |      0 |    0 |   0 |  0 |    0 |   0 |       0 | lpgbtFpga_top_inst/mgt_inst/MGT_RXUSRCLK_o |
| g1+       | 2     | BUFG_GT/O       | None       |           0 |               0 |  0 |      0 |    0 |   0 |  0 |    0 |   0 |       0 | infra/eth/phy/U0/core_clocking_i/userclk2  |
| g3        | 8     | BUFGCE/O        | None       |           0 |               1 |  0 |      0 |    0 |   0 |  0 |    1 |   0 |       0 | mgt_freedrpclk_s_BUFG                      |
| g4+       | 0     | BUFG_GT/O       | None       |           0 |               0 |  0 |      0 |    0 |   0 |  0 |    0 |   0 |       0 | lpgbtFpga_top_inst/mgt_inst/clk_mgtTxClk_o |
| g5+       | 14    | BUFGCE/O        | None       |           0 |               0 |  0 |      0 |    0 |   0 |  0 |    0 |   0 |       0 | infra/clocks/mmcm_0                        |
+-----------+-------+-----------------+------------+-------------+-----------------+----+--------+------+-----+----+------+-----+---------+--------------------------------------------+
* Clock Loads column represents the clock pin loads (pin count)
** Non-Clock Loads column represents the non-clock pin loads (pin count)
*** Columns FF, LUTRAM, RAMB through 'Hard IP' represents load cell counts
**** In Global Id column, sympbol '+' indicates that global clock was used only to route through the clock region.


18. Clock Region Cell Placement per Global Clock: Region X3Y2
-------------------------------------------------------------

+-----------+-------+-----------------+------------+-------------+-----------------+-----+--------+------+-----+----+------+-----+---------+-------------------------------------------+
| Global Id | Track | Driver Type/Pin | Constraint | Clock Loads | Non-Clock Loads | FF  | LUTRAM | RAMB | DSP | GT | MMCM | PLL | Hard IP | Net                                       |
+-----------+-------+-----------------+------------+-------------+-----------------+-----+--------+------+-----+----+------+-----+---------+-------------------------------------------+
| g1        | 2     | BUFG_GT/O       | None       |         219 |               0 | 211 |      8 |    0 |   0 |  0 |    0 |   0 |       0 | infra/eth/phy/U0/core_clocking_i/userclk2 |
| g5        | 14    | BUFGCE/O        | None       |         189 |               0 | 188 |      0 |    0 |   0 |  1 |    0 |   0 |       0 | infra/clocks/mmcm_0                       |
| g2        | 20    | BUFG_GT/O       | None       |          65 |               0 |  64 |      0 |    0 |   0 |  1 |    0 |   0 |       0 | infra/eth/phy/U0/core_clocking_i/userclk  |
+-----------+-------+-----------------+------------+-------------+-----------------+-----+--------+------+-----+----+------+-----+---------+-------------------------------------------+
* Clock Loads column represents the clock pin loads (pin count)
** Non-Clock Loads column represents the non-clock pin loads (pin count)
*** Columns FF, LUTRAM, RAMB through 'Hard IP' represents load cell counts


19. Clock Region Cell Placement per Global Clock: Region X2Y3
-------------------------------------------------------------

+-----------+-------+-----------------+------------+-------------+-----------------+-----+--------+------+-----+----+------+-----+---------+--------------------------------------------+
| Global Id | Track | Driver Type/Pin | Constraint | Clock Loads | Non-Clock Loads | FF  | LUTRAM | RAMB | DSP | GT | MMCM | PLL | Hard IP | Net                                        |
+-----------+-------+-----------------+------------+-------------+-----------------+-----+--------+------+-----+----+------+-----+---------+--------------------------------------------+
| g0+       | 1     | BUFG_GT/O       | None       |           0 |               0 |   0 |      0 |    0 |   0 |  0 |    0 |   0 |       0 | lpgbtFpga_top_inst/mgt_inst/MGT_RXUSRCLK_o |
| g1        | 2     | BUFG_GT/O       | None       |         400 |               0 | 390 |      3 |    7 |   0 |  0 |    0 |   0 |       0 | infra/eth/phy/U0/core_clocking_i/userclk2  |
| g3+       | 8     | BUFGCE/O        | None       |           0 |               0 |   0 |      0 |    0 |   0 |  0 |    0 |   0 |       0 | mgt_freedrpclk_s_BUFG                      |
| g4+       | 0     | BUFG_GT/O       | None       |           0 |               0 |   0 |      0 |    0 |   0 |  0 |    0 |   0 |       0 | lpgbtFpga_top_inst/mgt_inst/clk_mgtTxClk_o |
| g5        | 14    | BUFGCE/O        | None       |           7 |               0 |   0 |      0 |    7 |   0 |  0 |    0 |   0 |       0 | infra/clocks/mmcm_0                        |
+-----------+-------+-----------------+------------+-------------+-----------------+-----+--------+------+-----+----+------+-----+---------+--------------------------------------------+
* Clock Loads column represents the clock pin loads (pin count)
** Non-Clock Loads column represents the non-clock pin loads (pin count)
*** Columns FF, LUTRAM, RAMB through 'Hard IP' represents load cell counts
**** In Global Id column, sympbol '+' indicates that global clock was used only to route through the clock region.


20. Clock Region Cell Placement per Global Clock: Region X3Y3
-------------------------------------------------------------

+-----------+-------+-----------------+------------+-------------+-----------------+------+--------+------+-----+----+------+-----+---------+--------------------------------------------+
| Global Id | Track | Driver Type/Pin | Constraint | Clock Loads | Non-Clock Loads | FF   | LUTRAM | RAMB | DSP | GT | MMCM | PLL | Hard IP | Net                                        |
+-----------+-------+-----------------+------------+-------------+-----------------+------+--------+------+-----+----+------+-----+---------+--------------------------------------------+
| g0        | 1     | BUFG_GT/O       | None       |         137 |               0 |  137 |      0 |    0 |   0 |  0 |    0 |   0 |       0 | lpgbtFpga_top_inst/mgt_inst/MGT_RXUSRCLK_o |
| g1        | 2     | BUFG_GT/O       | None       |        1534 |               0 | 1514 |     12 |    8 |   0 |  0 |    0 |   0 |       0 | infra/eth/phy/U0/core_clocking_i/userclk2  |
| g3        | 8     | BUFGCE/O        | None       |          77 |               0 |   76 |      1 |    0 |   0 |  0 |    0 |   0 |       0 | mgt_freedrpclk_s_BUFG                      |
| g4        | 0     | BUFG_GT/O       | None       |         594 |               0 |  594 |      0 |    0 |   0 |  0 |    0 |   0 |       0 | lpgbtFpga_top_inst/mgt_inst/clk_mgtTxClk_o |
| g5        | 14    | BUFGCE/O        | None       |          82 |               0 |   72 |      2 |    8 |   0 |  0 |    0 |   0 |       0 | infra/clocks/mmcm_0                        |
+-----------+-------+-----------------+------------+-------------+-----------------+------+--------+------+-----+----+------+-----+---------+--------------------------------------------+
* Clock Loads column represents the clock pin loads (pin count)
** Non-Clock Loads column represents the non-clock pin loads (pin count)
*** Columns FF, LUTRAM, RAMB through 'Hard IP' represents load cell counts


21. Clock Region Cell Placement per Global Clock: Region X2Y4
-------------------------------------------------------------

+-----------+-------+-----------------+------------+-------------+-----------------+------+--------+------+-----+----+------+-----+---------+--------------------------------------------+
| Global Id | Track | Driver Type/Pin | Constraint | Clock Loads | Non-Clock Loads | FF   | LUTRAM | RAMB | DSP | GT | MMCM | PLL | Hard IP | Net                                        |
+-----------+-------+-----------------+------------+-------------+-----------------+------+--------+------+-----+----+------+-----+---------+--------------------------------------------+
| g0        | 1     | BUFG_GT/O       | None       |          56 |               0 |   56 |      0 |    0 |   0 |  0 |    0 |   0 |       0 | lpgbtFpga_top_inst/mgt_inst/MGT_RXUSRCLK_o |
| g1        | 2     | BUFG_GT/O       | None       |        1303 |               0 | 1264 |     37 |    2 |   0 |  0 |    0 |   0 |       0 | infra/eth/phy/U0/core_clocking_i/userclk2  |
| g3        | 8     | BUFGCE/O        | None       |         127 |               0 |  127 |      0 |    0 |   0 |  0 |    0 |   0 |       0 | mgt_freedrpclk_s_BUFG                      |
| g4        | 0     | BUFG_GT/O       | None       |          28 |               0 |   17 |      0 |   11 |   0 |  0 |    0 |   0 |       0 | lpgbtFpga_top_inst/mgt_inst/clk_mgtTxClk_o |
| g5        | 14    | BUFGCE/O        | None       |          69 |               0 |   57 |      0 |   12 |   0 |  0 |    0 |   0 |       0 | infra/clocks/mmcm_0                        |
| g6        | 20    | BUFGCE/O        | None       |         276 |               0 |  276 |      0 |    0 |   0 |  0 |    0 |   0 |       0 | dbg_hub/inst/BSCANID.u_xsdbm_id/itck_i     |
+-----------+-------+-----------------+------------+-------------+-----------------+------+--------+------+-----+----+------+-----+---------+--------------------------------------------+
* Clock Loads column represents the clock pin loads (pin count)
** Non-Clock Loads column represents the non-clock pin loads (pin count)
*** Columns FF, LUTRAM, RAMB through 'Hard IP' represents load cell counts


22. Clock Region Cell Placement per Global Clock: Region X3Y4
-------------------------------------------------------------

+-----------+-------+-----------------+------------+-------------+-----------------+------+--------+------+-----+----+------+-----+---------+--------------------------------------------+
| Global Id | Track | Driver Type/Pin | Constraint | Clock Loads | Non-Clock Loads | FF   | LUTRAM | RAMB | DSP | GT | MMCM | PLL | Hard IP | Net                                        |
+-----------+-------+-----------------+------------+-------------+-----------------+------+--------+------+-----+----+------+-----+---------+--------------------------------------------+
| g0        | 1     | BUFG_GT/O       | None       |        4380 |               0 | 4371 |      0 |    8 |   0 |  1 |    0 |   0 |       0 | lpgbtFpga_top_inst/mgt_inst/MGT_RXUSRCLK_o |
| g1        | 2     | BUFG_GT/O       | None       |         295 |               0 |  295 |      0 |    0 |   0 |  0 |    0 |   0 |       0 | infra/eth/phy/U0/core_clocking_i/userclk2  |
| g3        | 8     | BUFGCE/O        | None       |        1017 |               0 | 1016 |      0 |    0 |   0 |  1 |    0 |   0 |       0 | mgt_freedrpclk_s_BUFG                      |
| g4        | 0     | BUFG_GT/O       | None       |         398 |               0 |  388 |      0 |    9 |   0 |  1 |    0 |   0 |       0 | lpgbtFpga_top_inst/mgt_inst/clk_mgtTxClk_o |
| g5        | 14    | BUFGCE/O        | None       |         530 |               0 |  513 |      0 |   17 |   0 |  0 |    0 |   0 |       0 | infra/clocks/mmcm_0                        |
| g6        | 20    | BUFGCE/O        | None       |         182 |               0 |  182 |      0 |    0 |   0 |  0 |    0 |   0 |       0 | dbg_hub/inst/BSCANID.u_xsdbm_id/itck_i     |
+-----------+-------+-----------------+------------+-------------+-----------------+------+--------+------+-----+----+------+-----+---------+--------------------------------------------+
* Clock Loads column represents the clock pin loads (pin count)
** Non-Clock Loads column represents the non-clock pin loads (pin count)
*** Columns FF, LUTRAM, RAMB through 'Hard IP' represents load cell counts


